10:02:21 **** Build of project lwip_raw_apps_bsp ****
make -k all 
"Running Make include in microblaze_0/libsrc/bram_v4_0/src"
make -C microblaze_0/libsrc/bram_v4_0/src -s include  "SHELL=CMD" "COMPILER=mb-gcc" "ARCHIVER=mb-ar" "COMPILER_FLAGS= -O2 -c -mcpu=v9.5 -mlittle-endian -mno-xl-soft-div -mno-xl-soft-mul -mxl-barrel-shift -mxl-pattern-compare" "EXTRA_COMPILER_FLAGS=-g"
"Running Make include in microblaze_0/libsrc/cpu_v2_3/src"
make -C microblaze_0/libsrc/cpu_v2_3/src -s include  "SHELL=CMD" "COMPILER=mb-gcc" "ARCHIVER=mb-ar" "COMPILER_FLAGS= -O2 -c -mcpu=v9.5 -mlittle-endian -mno-xl-soft-div -mno-xl-soft-mul -mxl-barrel-shift -mxl-pattern-compare" "EXTRA_COMPILER_FLAGS=-g"
"Running Make include in microblaze_0/libsrc/emaclite_v4_0/src"
make -C microblaze_0/libsrc/emaclite_v4_0/src -s include  "SHELL=CMD" "COMPILER=mb-gcc" "ARCHIVER=mb-ar" "COMPILER_FLAGS= -O2 -c -mcpu=v9.5 -mlittle-endian -mno-xl-soft-div -mno-xl-soft-mul -mxl-barrel-shift -mxl-pattern-compare" "EXTRA_COMPILER_FLAGS=-g"
"Running Make include in microblaze_0/libsrc/gpio_v4_0/src"
make -C microblaze_0/libsrc/gpio_v4_0/src -s include  "SHELL=CMD" "COMPILER=mb-gcc" "ARCHIVER=mb-ar" "COMPILER_FLAGS= -O2 -c -mcpu=v9.5 -mlittle-endian -mno-xl-soft-div -mno-xl-soft-mul -mxl-barrel-shift -mxl-pattern-compare" "EXTRA_COMPILER_FLAGS=-g"
"Running Make include in microblaze_0/libsrc/intc_v3_3/src"
make -C microblaze_0/libsrc/intc_v3_3/src -s include  "SHELL=CMD" "COMPILER=mb-gcc" "ARCHIVER=mb-ar" "COMPILER_FLAGS= -O2 -c -mcpu=v9.5 -mlittle-endian -mno-xl-soft-div -mno-xl-soft-mul -mxl-barrel-shift -mxl-pattern-compare" "EXTRA_COMPILER_FLAGS=-g"
"Running Make include in microblaze_0/libsrc/lwip141_v2_2/src"
make -C microblaze_0/libsrc/lwip141_v2_2/src -s include  "SHELL=CMD" "COMPILER=mb-gcc" "ARCHIVER=mb-ar" "COMPILER_FLAGS= -O2 -c -mcpu=v9.5 -mlittle-endian -mno-xl-soft-div -mno-xl-soft-mul -mxl-barrel-shift -mxl-pattern-compare" "EXTRA_COMPILER_FLAGS=-g"
"Running Make include in microblaze_0/libsrc/standalone_v5_1/src"
make -C microblaze_0/libsrc/standalone_v5_1/src -s include  "SHELL=CMD" "COMPILER=mb-gcc" "ARCHIVER=mb-ar" "COMPILER_FLAGS= -O2 -c -mcpu=v9.5 -mlittle-endian -mno-xl-soft-div -mno-xl-soft-mul -mxl-barrel-shift -mxl-pattern-compare" "EXTRA_COMPILER_FLAGS=-g"
"Running Make include in microblaze_0/libsrc/tmrctr_v3_0/src"
make -C microblaze_0/libsrc/tmrctr_v3_0/src -s include  "SHELL=CMD" "COMPILER=mb-gcc" "ARCHIVER=mb-ar" "COMPILER_FLAGS= -O2 -c -mcpu=v9.5 -mlittle-endian -mno-xl-soft-div -mno-xl-soft-mul -mxl-barrel-shift -mxl-pattern-compare" "EXTRA_COMPILER_FLAGS=-g"
"Running Make include in microblaze_0/libsrc/uartlite_v3_0/src"
make -C microblaze_0/libsrc/uartlite_v3_0/src -s include  "SHELL=CMD" "COMPILER=mb-gcc" "ARCHIVER=mb-ar" "COMPILER_FLAGS= -O2 -c -mcpu=v9.5 -mlittle-endian -mno-xl-soft-div -mno-xl-soft-mul -mxl-barrel-shift -mxl-pattern-compare" "EXTRA_COMPILER_FLAGS=-g"
"Running Make include in microblaze_0/libsrc/xilmfs_v2_0/src"
make -C microblaze_0/libsrc/xilmfs_v2_0/src -s include  "SHELL=CMD" "COMPILER=mb-gcc" "ARCHIVER=mb-ar" "COMPILER_FLAGS= -O2 -c -mcpu=v9.5 -mlittle-endian -mno-xl-soft-div -mno-xl-soft-mul -mxl-barrel-shift -mxl-pattern-compare" "EXTRA_COMPILER_FLAGS=-g"
"Running Make libs in microblaze_0/libsrc/bram_v4_0/src"
make -C microblaze_0/libsrc/bram_v4_0/src -s libs  "SHELL=CMD" "COMPILER=mb-gcc" "ARCHIVER=mb-ar" "COMPILER_FLAGS= -O2 -c -mcpu=v9.5 -mlittle-endian -mno-xl-soft-div -mno-xl-soft-mul -mxl-barrel-shift -mxl-pattern-compare" "EXTRA_COMPILER_FLAGS=-g"
"Compiling bram"
mb-ar: creating ../../../lib/libxil.a
"Running Make libs in microblaze_0/libsrc/cpu_v2_3/src"
make -C microblaze_0/libsrc/cpu_v2_3/src -s libs  "SHELL=CMD" "COMPILER=mb-gcc" "ARCHIVER=mb-ar" "COMPILER_FLAGS= -O2 -c -mcpu=v9.5 -mlittle-endian -mno-xl-soft-div -mno-xl-soft-mul -mxl-barrel-shift -mxl-pattern-compare" "EXTRA_COMPILER_FLAGS=-g"
"Compiling cpu"
"Running Make libs in microblaze_0/libsrc/emaclite_v4_0/src"
make -C microblaze_0/libsrc/emaclite_v4_0/src -s libs  "SHELL=CMD" "COMPILER=mb-gcc" "ARCHIVER=mb-ar" "COMPILER_FLAGS= -O2 -c -mcpu=v9.5 -mlittle-endian -mno-xl-soft-div -mno-xl-soft-mul -mxl-barrel-shift -mxl-pattern-compare" "EXTRA_COMPILER_FLAGS=-g"
"Compiling emaclite"
"Running Make libs in microblaze_0/libsrc/gpio_v4_0/src"
make -C microblaze_0/libsrc/gpio_v4_0/src -s libs  "SHELL=CMD" "COMPILER=mb-gcc" "ARCHIVER=mb-ar" "COMPILER_FLAGS= -O2 -c -mcpu=v9.5 -mlittle-endian -mno-xl-soft-div -mno-xl-soft-mul -mxl-barrel-shift -mxl-pattern-compare" "EXTRA_COMPILER_FLAGS=-g"
"Compiling gpio"
"Running Make libs in microblaze_0/libsrc/intc_v3_3/src"
make -C microblaze_0/libsrc/intc_v3_3/src -s libs  "SHELL=CMD" "COMPILER=mb-gcc" "ARCHIVER=mb-ar" "COMPILER_FLAGS= -O2 -c -mcpu=v9.5 -mlittle-endian -mno-xl-soft-div -mno-xl-soft-mul -mxl-barrel-shift -mxl-pattern-compare" "EXTRA_COMPILER_FLAGS=-g"
"Compiling intc"
"Running Make libs in microblaze_0/libsrc/lwip141_v2_2/src"
make -C microblaze_0/libsrc/lwip141_v2_2/src -s libs  "SHELL=CMD" "COMPILER=mb-gcc" "ARCHIVER=mb-ar" "COMPILER_FLAGS= -O2 -c -mcpu=v9.5 -mlittle-endian -mno-xl-soft-div -mno-xl-soft-mul -mxl-barrel-shift -mxl-pattern-compare" "EXTRA_COMPILER_FLAGS=-g"
"Compiling lwIP"
"Compiling lwIP adapter for Xilinx MAC"
"Creating archive liblwip4.a"
"clean target for lwip"
"Running Make libs in microblaze_0/libsrc/standalone_v5_1/src"
make -C microblaze_0/libsrc/standalone_v5_1/src -s libs  "SHELL=CMD" "COMPILER=mb-gcc" "ARCHIVER=mb-ar" "COMPILER_FLAGS= -O2 -c -mcpu=v9.5 -mlittle-endian -mno-xl-soft-div -mno-xl-soft-mul -mxl-barrel-shift -mxl-pattern-compare" "EXTRA_COMPILER_FLAGS=-g"
"Compiling standalone";
"Running Make libs in microblaze_0/libsrc/tmrctr_v3_0/src"
make -C microblaze_0/libsrc/tmrctr_v3_0/src -s libs  "SHELL=CMD" "COMPILER=mb-gcc" "ARCHIVER=mb-ar" "COMPILER_FLAGS= -O2 -c -mcpu=v9.5 -mlittle-endian -mno-xl-soft-div -mno-xl-soft-mul -mxl-barrel-shift -mxl-pattern-compare" "EXTRA_COMPILER_FLAGS=-g"
"Compiling tmrctr"
"Running Make libs in microblaze_0/libsrc/uartlite_v3_0/src"
make -C microblaze_0/libsrc/uartlite_v3_0/src -s libs  "SHELL=CMD" "COMPILER=mb-gcc" "ARCHIVER=mb-ar" "COMPILER_FLAGS= -O2 -c -mcpu=v9.5 -mlittle-endian -mno-xl-soft-div -mno-xl-soft-mul -mxl-barrel-shift -mxl-pattern-compare" "EXTRA_COMPILER_FLAGS=-g"
"Compiling uartlite"
"Running Make libs in microblaze_0/libsrc/xilmfs_v2_0/src"
make -C microblaze_0/libsrc/xilmfs_v2_0/src -s libs  "SHELL=CMD" "COMPILER=mb-gcc" "ARCHIVER=mb-ar" "COMPILER_FLAGS= -O2 -c -mcpu=v9.5 -mlittle-endian -mno-xl-soft-div -mno-xl-soft-mul -mxl-barrel-shift -mxl-pattern-compare" "EXTRA_COMPILER_FLAGS=-g"
'Finished building libraries'
10:02:32 **** Build of configuration Debug for project lwip_raw_apps ****
make all 
'Building file: ../src/dispatch.c'
'Invoking: MicroBlaze gcc compiler'
mb-gcc -Wall -O0 -g3 -c -fmessage-length=0 -MT"src/dispatch.o" -I../../lwip_raw_apps_bsp/microblaze_0/include -mlittle-endian -mxl-barrel-shift -mxl-pattern-compare -mno-xl-soft-div -mcpu=v9.5 -mno-xl-soft-mul -Wl,--no-relax -MMD -MP -MF"src/dispatch.d" -MT"src/dispatch.d" -o "src/dispatch.o" "../src/dispatch.c"
'Finished building: ../src/dispatch.c'
' '
'Building file: ../src/echo.c'
'Invoking: MicroBlaze gcc compiler'
mb-gcc -Wall -O0 -g3 -c -fmessage-length=0 -MT"src/echo.o" -I../../lwip_raw_apps_bsp/microblaze_0/include -mlittle-endian -mxl-barrel-shift -mxl-pattern-compare -mno-xl-soft-div -mcpu=v9.5 -mno-xl-soft-mul -Wl,--no-relax -MMD -MP -MF"src/echo.d" -MT"src/echo.d" -o "src/echo.o" "../src/echo.c"
'Finished building: ../src/echo.c'
' '
'Building file: ../src/http_response.c'
'Invoking: MicroBlaze gcc compiler'
mb-gcc -Wall -O0 -g3 -c -fmessage-length=0 -MT"src/http_response.o" -I../../lwip_raw_apps_bsp/microblaze_0/include -mlittle-endian -mxl-barrel-shift -mxl-pattern-compare -mno-xl-soft-div -mcpu=v9.5 -mno-xl-soft-mul -Wl,--no-relax -MMD -MP -MF"src/http_response.d" -MT"src/http_response.d" -o "src/http_response.o" "../src/http_response.c"
'Finished building: ../src/http_response.c'
' '
'Building file: ../src/main.c'
'Invoking: MicroBlaze gcc compiler'
mb-gcc -Wall -O0 -g3 -c -fmessage-length=0 -MT"src/main.o" -I../../lwip_raw_apps_bsp/microblaze_0/include -mlittle-endian -mxl-barrel-shift -mxl-pattern-compare -mno-xl-soft-div -mcpu=v9.5 -mno-xl-soft-mul -Wl,--no-relax -MMD -MP -MF"src/main.d" -MT"src/main.d" -o "src/main.o" "../src/main.c"
'Finished building: ../src/main.c'
' '
'Building file: ../src/platform.c'
'Invoking: MicroBlaze gcc compiler'
mb-gcc -Wall -O0 -g3 -c -fmessage-length=0 -MT"src/platform.o" -I../../lwip_raw_apps_bsp/microblaze_0/include -mlittle-endian -mxl-barrel-shift -mxl-pattern-compare -mno-xl-soft-div -mcpu=v9.5 -mno-xl-soft-mul -Wl,--no-relax -MMD -MP -MF"src/platform.d" -MT"src/platform.d" -o "src/platform.o" "../src/platform.c"
'Finished building: ../src/platform.c'
' '
'Building file: ../src/platform_fs.c'
'Invoking: MicroBlaze gcc compiler'
mb-gcc -Wall -O0 -g3 -c -fmessage-length=0 -MT"src/platform_fs.o" -I../../lwip_raw_apps_bsp/microblaze_0/include -mlittle-endian -mxl-barrel-shift -mxl-pattern-compare -mno-xl-soft-div -mcpu=v9.5 -mno-xl-soft-mul -Wl,--no-relax -MMD -MP -MF"src/platform_fs.d" -MT"src/platform_fs.d" -o "src/platform_fs.o" "../src/platform_fs.c"
'Finished building: ../src/platform_fs.c'
' '
'Building file: ../src/platform_gpio.c'
'Invoking: MicroBlaze gcc compiler'
mb-gcc -Wall -O0 -g3 -c -fmessage-length=0 -MT"src/platform_gpio.o" -I../../lwip_raw_apps_bsp/microblaze_0/include -mlittle-endian -mxl-barrel-shift -mxl-pattern-compare -mno-xl-soft-div -mcpu=v9.5 -mno-xl-soft-mul -Wl,--no-relax -MMD -MP -MF"src/platform_gpio.d" -MT"src/platform_gpio.d" -o "src/platform_gpio.o" "../src/platform_gpio.c"
'Finished building: ../src/platform_gpio.c'
' '
'Building file: ../src/prot_malloc.c'
'Invoking: MicroBlaze gcc compiler'
mb-gcc -Wall -O0 -g3 -c -fmessage-length=0 -MT"src/prot_malloc.o" -I../../lwip_raw_apps_bsp/microblaze_0/include -mlittle-endian -mxl-barrel-shift -mxl-pattern-compare -mno-xl-soft-div -mcpu=v9.5 -mno-xl-soft-mul -Wl,--no-relax -MMD -MP -MF"src/prot_malloc.d" -MT"src/prot_malloc.d" -o "src/prot_malloc.o" "../src/prot_malloc.c"
'Finished building: ../src/prot_malloc.c'
' '
'Building file: ../src/rxperf.c'
'Invoking: MicroBlaze gcc compiler'
mb-gcc -Wall -O0 -g3 -c -fmessage-length=0 -MT"src/rxperf.o" -I../../lwip_raw_apps_bsp/microblaze_0/include -mlittle-endian -mxl-barrel-shift -mxl-pattern-compare -mno-xl-soft-div -mcpu=v9.5 -mno-xl-soft-mul -Wl,--no-relax -MMD -MP -MF"src/rxperf.d" -MT"src/rxperf.d" -o "src/rxperf.o" "../src/rxperf.c"
'Finished building: ../src/rxperf.c'
' '
'Building file: ../src/tftpserver.c'
'Invoking: MicroBlaze gcc compiler'
mb-gcc -Wall -O0 -g3 -c -fmessage-length=0 -MT"src/tftpserver.o" -I../../lwip_raw_apps_bsp/microblaze_0/include -mlittle-endian -mxl-barrel-shift -mxl-pattern-compare -mno-xl-soft-div -mcpu=v9.5 -mno-xl-soft-mul -Wl,--no-relax -MMD -MP -MF"src/tftpserver.d" -MT"src/tftpserver.d" -o "src/tftpserver.o" "../src/tftpserver.c"
'Finished building: ../src/tftpserver.c'
' '
'Building file: ../src/tftputils.c'
'Invoking: MicroBlaze gcc compiler'
mb-gcc -Wall -O0 -g3 -c -fmessage-length=0 -MT"src/tftputils.o" -I../../lwip_raw_apps_bsp/microblaze_0/include -mlittle-endian -mxl-barrel-shift -mxl-pattern-compare -mno-xl-soft-div -mcpu=v9.5 -mno-xl-soft-mul -Wl,--no-relax -MMD -MP -MF"src/tftputils.d" -MT"src/tftputils.d" -o "src/tftputils.o" "../src/tftputils.c"
'Finished building: ../src/tftputils.c'
' '
'Building file: ../src/txperf.c'
'Invoking: MicroBlaze gcc compiler'
mb-gcc -Wall -O0 -g3 -c -fmessage-length=0 -MT"src/txperf.o" -I../../lwip_raw_apps_bsp/microblaze_0/include -mlittle-endian -mxl-barrel-shift -mxl-pattern-compare -mno-xl-soft-div -mcpu=v9.5 -mno-xl-soft-mul -Wl,--no-relax -MMD -MP -MF"src/txperf.d" -MT"src/txperf.d" -o "src/txperf.o" "../src/txperf.c"
'Finished building: ../src/txperf.c'
' '
'Building file: ../src/urxperf.c'
'Invoking: MicroBlaze gcc compiler'
mb-gcc -Wall -O0 -g3 -c -fmessage-length=0 -MT"src/urxperf.o" -I../../lwip_raw_apps_bsp/microblaze_0/include -mlittle-endian -mxl-barrel-shift -mxl-pattern-compare -mno-xl-soft-div -mcpu=v9.5 -mno-xl-soft-mul -Wl,--no-relax -MMD -MP -MF"src/urxperf.d" -MT"src/urxperf.d" -o "src/urxperf.o" "../src/urxperf.c"
'Finished building: ../src/urxperf.c'
' '
'Building file: ../src/utxperf.c'
'Invoking: MicroBlaze gcc compiler'
mb-gcc -Wall -O0 -g3 -c -fmessage-length=0 -MT"src/utxperf.o" -I../../lwip_raw_apps_bsp/microblaze_0/include -mlittle-endian -mxl-barrel-shift -mxl-pattern-compare -mno-xl-soft-div -mcpu=v9.5 -mno-xl-soft-mul -Wl,--no-relax -MMD -MP -MF"src/utxperf.d" -MT"src/utxperf.d" -o "src/utxperf.o" "../src/utxperf.c"
'Finished building: ../src/utxperf.c'
' '
'Building file: ../src/web_utils.c'
'Invoking: MicroBlaze gcc compiler'
mb-gcc -Wall -O0 -g3 -c -fmessage-length=0 -MT"src/web_utils.o" -I../../lwip_raw_apps_bsp/microblaze_0/include -mlittle-endian -mxl-barrel-shift -mxl-pattern-compare -mno-xl-soft-div -mcpu=v9.5 -mno-xl-soft-mul -Wl,--no-relax -MMD -MP -MF"src/web_utils.d" -MT"src/web_utils.d" -o "src/web_utils.o" "../src/web_utils.c"
'Finished building: ../src/web_utils.c'
' '
'Building file: ../src/webserver.c'
'Invoking: MicroBlaze gcc compiler'
mb-gcc -Wall -O0 -g3 -c -fmessage-length=0 -MT"src/webserver.o" -I../../lwip_raw_apps_bsp/microblaze_0/include -mlittle-endian -mxl-barrel-shift -mxl-pattern-compare -mno-xl-soft-div -mcpu=v9.5 -mno-xl-soft-mul -Wl,--no-relax -MMD -MP -MF"src/webserver.d" -MT"src/webserver.d" -o "src/webserver.o" "../src/webserver.c"
'Finished building: ../src/webserver.c'
' '
'Building target: lwip_raw_apps.elf'
'Invoking: MicroBlaze gcc linker'
mb-gcc -Wl,-T -Wl,../src/lscript.ld -L../../lwip_raw_apps_bsp/microblaze_0/lib -mlittle-endian -mxl-barrel-shift -mxl-pattern-compare -mno-xl-soft-div -mcpu=v9.5 -mno-xl-soft-mul -Wl,--no-relax -o "lwip_raw_apps.elf"  ./src/dispatch.o ./src/echo.o ./src/http_response.o ./src/main.o ./src/platform.o ./src/platform_fs.o ./src/platform_gpio.o ./src/prot_malloc.o ./src/rxperf.o ./src/tftpserver.o ./src/tftputils.o ./src/txperf.o ./src/urxperf.o ./src/utxperf.o ./src/web_utils.o ./src/webserver.o   -Wl,--start-group,-lxil,-lgcc,-lc,--end-group -Wl,--start-group,-lxil,-llwip4,-lgcc,-lc,--end-group
'Finished building target: lwip_raw_apps.elf'
' '
'Invoking: MicroBlaze Print Size'
mb-size lwip_raw_apps.elf  |tee "lwip_raw_apps.elf.size"
   text	   data	    bss	    dec	    hex	filename
 181740	   1852	2435816	2619408	 27f810	lwip_raw_apps.elf
'Finished building: lwip_raw_apps.elf.size'
' '
10:04:54 **** Incremental Build of configuration Debug for project lwip_raw_apps ****
make all 
make: Nothing to be done for `all'.
